// Jest Snapshot v1, https://goo.gl/fbAQLP

exports[`transform data object into target object according rules in transformations creates an object that is the result of applying all transformations on the data object 1`] = `
Object {
  "addresses": Array [
    Object {
      "houseNumber": "h1",
      "streetAddress": "s1",
    },
    Object {
      "houseNumber": "h2",
      "streetAddress": "s2",
    },
    Object {
      "houseNumber": "h1B",
      "streetAddress": "wall street",
    },
    Object {
      "houseNumber": "h2B",
      "streetAddress": "s2B",
    },
  ],
  "d": Object {
    "Dates": Array [
      "1/1/66",
      "10/14/2026",
    ],
  },
  "dates": Array [
    Object {
      "dob": "1/1/66",
    },
    Object {
      "dod": "10/14/2026",
    },
  ],
  "dob": "1/1/66",
  "jobs": Object {
    "currentPosition": "e",
    "lastPositions": "A, B, C, D",
  },
  "names": Object {
    "first": "john",
    "last": "doe",
    "nicknames": Array [
      "John",
      "Johnny",
      "John-boy",
      "BigJ",
      "Bbj",
      "Mj",
    ],
  },
  "other": Array [
    Object {
      "transformedId": 1,
    },
    Object {
      "transformedId": 2,
    },
    Object {
      "transformedId": 3,
    },
  ],
  "some": Object {
    "time": Array [
      Object {
        "test": Array [
          Object {
            "no": "f1",
            "p": 1,
          },
          Object {
            "no": "f2",
            "p": 2,
          },
        ],
      },
      Object {
        "test": Array [
          Object {
            "no": "f3",
            "p": 3,
          },
          Object {
            "no": "f4",
            "p": 4,
          },
        ],
      },
      Object {
        "test": Array [
          Object {
            "no": "f5",
            "p": 5,
          },
          Object {
            "no": "f6",
            "p": 6,
          },
        ],
      },
    ],
  },
}
`;
